
> vite_react_shadcn_ts@0.0.0 build
> vite build

[36mvite v5.4.19 [32mbuilding for production...[36m[39m
transforming...
node.exe : Browserslist: 
browsers data 
(caniuse-lite) is 10 
months old. Please run:
At line:1 char:1
+ & "C:\Program 
Files\nodejs/node.exe" 
"C:\Program 
Files\nodejs/node_mo ...
+ ~~~~~~~~~~~~~~~~~~~~~~~~
~~~~~~~~~~~~~~~~~~~~~~~~~~
~~~~~~~~~~~~~~~~~~~
    + CategoryInfo        
      : NotSpecified: (B  
  rowserslist: b...ld.    
 Please run::String) [    
], RemoteException
    + FullyQualifiedError 
   Id : NativeCommandErr  
  or
 
  npx update-browserslist-
db@latest
  Why you should do it 
regularly: https://github.
com/browserslist/update-db
#readme
[32mΓ£ô[39m 1625 modules transformed.
[31mx[39m Build failed 
in 6.29s
[31merror during build:
[31m[vite:load-fallback] 
Could not load C:\Users\le
novo\Downloads\careflow-hu
b-main\careflow-hub-main\s
rc/lib/gemini (imported 
by src/pages/doctor/Specia
listDoctorPage.tsx): 
ENOENT: no such file or 
directory, open 'C:\Users\
lenovo\Downloads\careflow-
hub-main\careflow-hub-main
\src\lib\gemini'[31m
    at async open (node:in
ternal/fs/promises:636:25)
    at async 
Object.readFile (node:inte
rnal/fs/promises:1273:14)
    at async Object.load (
file:///C:/Users/lenovo/Do
wnloads/careflow-hub-main/
careflow-hub-main/node_mod
ules/vite/dist/node/chunks
/dep-C6uTJdX2.js:65341:25)
    at async PluginDriver.
hookFirstAndGetPlugin (fil
e:///C:/Users/lenovo/Downl
oads/careflow-hub-main/car
eflow-hub-main/node_module
s/rollup/dist/es/shared/no
de-entry.js:20630:28)
    at async file:///C:/Us
ers/lenovo/Downloads/caref
low-hub-main/careflow-hub-
main/node_modules/rollup/d
ist/es/shared/node-entry.j
s:19750:33
    at async Queue.work (f
ile:///C:/Users/lenovo/Dow
nloads/careflow-hub-main/c
areflow-hub-main/node_modu
les/rollup/dist/es/shared/
node-entry.js:20840:32)[3
9m
